C:\Users\user\AppData\Roaming\Python\Python312\site-packages\pytest_asyncio\plugin.py:207: PytestDeprecationWarning: The configuration option "asyncio_default_fixture_loop_scope" is unset.
The event loop scope for asynchronous fixtures will default to the fixture caching scope. Future versions of pytest-asyncio will default the loop scope for asynchronous fixtures to function scope. Set the default fixture loop scope explicitly in order to avoid unexpected behavior in the future. Valid fixture loop scopes are: "function", "class", "module", "package", "session"

  warnings.warn(PytestDeprecationWarning(_DEFAULT_FIXTURE_LOOP_SCOPE_UNSET))
============================= test session starts =============================
platform win32 -- Python 3.12.6, pytest-8.3.5, pluggy-1.5.0 -- C:\Python312\python.exe
cachedir: .pytest_cache
hypothesis profile 'default' -> database=DirectoryBasedExampleDatabase(WindowsPath('D:/DO/WEB/N8N_tests/PROJETS/EMAIL_SENDER_1/.hypothesis/examples'))
metadata: {'Python': '3.12.6', 'Platform': 'Windows-10-10.0.19045-SP0', 'Packages': {'pytest': '8.3.5', 'pluggy': '1.5.0'}, 'Plugins': {'allure-pytest': '2.14.0', 'anyio': '4.8.0', 'hypothesis': '6.127.4', 'langsmith': '0.3.18', 'asyncio': '0.25.3', 'cov': '4.1.0', 'html': '4.1.1', 'metadata': '3.1.1', 'mock': '3.14.0', 'testmon': '2.1.3', 'xdist': '3.6.1', 'requests-mock': '1.11.0', 'typeguard': '4.4.2'}}
rootdir: D:\DO\WEB\N8N_tests\PROJETS\EMAIL_SENDER_1
configfile: pytest.ini
plugins: allure-pytest-2.14.0, anyio-4.8.0, hypothesis-6.127.4, langsmith-0.3.18, asyncio-0.25.3, cov-4.1.0, html-4.1.1, metadata-3.1.1, mock-3.14.0, testmon-2.1.3, xdist-3.6.1, requests-mock-1.11.0, typeguard-4.4.2
asyncio: mode=Mode.AUTO, asyncio_default_fixture_loop_scope=None
collecting ... collected 27 items

development/scripts/python/testing/examples/test_example.py::TestExampleSuccess::test_addition PASSED [  3%]
development/scripts/python/testing/examples/test_example.py::TestExampleSuccess::test_division PASSED [  7%]
development/scripts/python/testing/examples/test_example.py::TestExampleSuccess::test_multiplication PASSED [ 11%]
development/scripts/python/testing/examples/test_example.py::TestExampleSuccess::test_subtraction PASSED [ 14%]
development/scripts/python/testing/examples/test_example.py::TestExampleAssertions::test_container_assertions PASSED [ 18%]
development/scripts/python/testing/examples/test_example.py::TestExampleAssertions::test_different_assertions PASSED [ 22%]
development/scripts/python/testing/examples/test_example.py::TestExampleAssertions::test_exception_handling PASSED [ 25%]
development/scripts/python/testing/examples/test_example.py::TestExampleAssertions::test_string_assertions PASSED [ 29%]
development/scripts/python/testing/examples/test_example.py::TestExampleError::test_exception_details PASSED [ 33%]
development/scripts/python/testing/examples/test_example.py::TestExampleError::test_type_error_details PASSED [ 37%]
development/scripts/python/testing/examples/test_example.py::TestExampleError::test_value_error_details PASSED [ 40%]
development/scripts/python/testing/examples/test_example.py::TestParametrized::test_multiplication_by_two SKIPPED [ 44%]
development/scripts/python/testing/examples/test_example.py::TestParametrized::test_multiplication_by_two_0 PASSED [ 48%]
development/scripts/python/testing/examples/test_example.py::TestParametrized::test_multiplication_by_two_2 PASSED [ 51%]
development/scripts/python/testing/examples/test_example.py::TestParametrized::test_multiplication_by_two_3 PASSED [ 55%]
development/scripts/python/testing/examples/test_example.py::TestParametrized::test_multiplication_by_two_float PASSED [ 59%]
development/scripts/python/testing/examples/test_example.py::TestParametrized::test_multiplication_by_two_large PASSED [ 62%]
development/scripts/python/testing/examples/test_example.py::TestParametrized::test_multiplication_by_two_neg1 PASSED [ 66%]
development/scripts/python/testing/examples/test_example.py::TestParametrized::test_string_length SKIPPED [ 70%]
development/scripts/python/testing/examples/test_example.py::TestParametrized::test_string_length_digits PASSED [ 74%]
development/scripts/python/testing/examples/test_example.py::TestParametrized::test_string_length_empty PASSED [ 77%]
development/scripts/python/testing/examples/test_example.py::TestParametrized::test_string_length_hello PASSED [ 81%]
development/scripts/python/testing/examples/test_example.py::TestParametrized::test_string_length_python PASSED [ 85%]
development/scripts/python/testing/examples/test_example.py::TestParametrized::test_string_length_spaces PASSED [ 88%]
development/scripts/python/testing/examples/test_example.py::TestParametrized::test_with_context PASSED [ 92%]
development/scripts/python/testing/examples/test_example.py::TestAsyncExample::test_async_exception PASSED [ 96%]
development/scripts/python/testing/examples/test_example.py::TestAsyncExample::test_async_operation PASSED [100%]

============================== warnings summary ===============================
C:\Users\user\AppData\Roaming\Python\Python312\site-packages\_pytest\config\__init__.py:1441
  C:\Users\user\AppData\Roaming\Python\Python312\site-packages\_pytest\config\__init__.py:1441: PytestConfigWarning: Unknown config option: verbose
  
    self._warn_or_fail_if_strict(f"Unknown config option: {key}\n")

-- Docs: https://docs.pytest.org/en/stable/how-to/capture-warnings.html

---------- coverage: platform win32, python 3.12.6-final-0 -----------
Name                                                          Stmts   Miss  Cover   Missing
-------------------------------------------------------------------------------------------
development\scripts\python\testing\examples\test_example.py     134     25    81%   17, 117, 122, 187-191, 195-199, 208-214, 219-232
-------------------------------------------------------------------------------------------
TOTAL                                                           134     25    81%

================== 25 passed, 2 skipped, 1 warning in 2.16s ===================
